
> sql-changer-oracle-to-postgresql@0.2.1 test:e2e
> playwright test

[2m[WebServer] [22m(node:11682) Warning: The 'NO_COLOR' env is ignored due to the 'FORCE_COLOR' env being set.
[2m[WebServer] [22m(Use `node --trace-warnings ...` to show where the warning was created)

Running 102 tests using 5 workers

(node:11683) Warning: The 'NO_COLOR' env is ignored due to the 'FORCE_COLOR' env being set.
(Use `node --trace-warnings ...` to show where the warning was created)
(node:11687) Warning: The 'NO_COLOR' env is ignored due to the 'FORCE_COLOR' env being set.
(Use `node --trace-warnings ...` to show where the warning was created)
(node:11686) Warning: The 'NO_COLOR' env is ignored due to the 'FORCE_COLOR' env being set.
(Use `node --trace-warnings ...` to show where the warning was created)
(node:11684) Warning: The 'NO_COLOR' env is ignored due to the 'FORCE_COLOR' env being set.
(Use `node --trace-warnings ...` to show where the warning was created)
(node:11685) Warning: The 'NO_COLOR' env is ignored due to the 'FORCE_COLOR' env being set.
(Use `node --trace-warnings ...` to show where the warning was created)
(node:11686) Warning: The 'NO_COLOR' env is ignored due to the 'FORCE_COLOR' env being set.
(Use `node --trace-warnings ...` to show where the warning was created)
(node:11683) Warning: The 'NO_COLOR' env is ignored due to the 'FORCE_COLOR' env being set.
(Use `node --trace-warnings ...` to show where the warning was created)
(node:11687) Warning: The 'NO_COLOR' env is ignored due to the 'FORCE_COLOR' env being set.
(Use `node --trace-warnings ...` to show where the warning was created)
(node:11685) Warning: The 'NO_COLOR' env is ignored due to the 'FORCE_COLOR' env being set.
(Use `node --trace-warnings ...` to show where the warning was created)
(node:11684) Warning: The 'NO_COLOR' env is ignored due to the 'FORCE_COLOR' env being set.
(Use `node --trace-warnings ...` to show where the warning was created)
  ✓    5 [chromium] › tests/e2e/sql-converter.spec.mjs:21:1 › works from a standalone file without external requests (275ms)
  ✓    1 [chromium] › tests/e2e/product-experience.spec.mjs:8:1 › empty editors disable unavailable actions and a sample produces usable output (386ms)
  ✓    3 [chromium] › tests/e2e/theme.spec.mjs:17:1 › theme switch supports the keyboard, visible focus and saved choices after reload (455ms)
  ✓    6 [chromium] › tests/e2e/sql-converter.spec.mjs:35:1 › marks review and input errors and clears their status after correction (238ms)
  ✓    7 [chromium] › tests/e2e/product-experience.spec.mjs:24:1 › an accidental clear can restore the exact source and its converted result (353ms)
  ✓    9 [chromium] › tests/e2e/sql-converter.spec.mjs:47:1 › clipboard denial shows a real failure and leaves output selected (226ms)
  ✓    8 [chromium] › tests/e2e/theme.spec.mjs:45:1 › uses and follows the OS theme until a manual choice overrides it (331ms)
  ✓   11 [chromium] › tests/e2e/sql-converter.spec.mjs:59:1 › preserves literal data and quoted names in the visible output (162ms)
  ✓   10 [chromium] › tests/e2e/product-experience.spec.mjs:46:1 › editing after a clear discards the previous recovery without restoring stale SQL (326ms)
  ✓   13 [chromium] › tests/e2e/sql-converter.spec.mjs:66:1 › shows policy limitations and retains unsafe ROWNUM predicates (171ms)
  ✓   12 [chromium] › tests/e2e/theme.spec.mjs:64:1 › synchronizes choices between tabs and returns to the receiving tab's OS theme when removed (386ms)
  ✓   14 [chromium] › tests/e2e/product-experience.spec.mjs:64:1 › Escape then Tab leaves the editor without modifying SQL, while normal Tab indents (224ms)
  ✓   15 [chromium] › tests/e2e/sql-converter.spec.mjs:78:1 › typing SQL converts visible output, escapes payloads, and keeps warnings user-readable (183ms)
  ✓   18 [chromium] › tests/e2e/sql-converter.spec.mjs:102:1 › status indicates when conversion output has no diff (127ms)
  ✓   16 [chromium] › tests/e2e/theme.spec.mjs:87:3 › theme switching and SQL conversion survive localStorage access errors (313ms)
  ✓   17 [chromium] › tests/e2e/product-experience.spec.mjs:84:1 › converted SQL is reachable and scrollable with the keyboard (220ms)
  ✓   21 [chromium] › tests/e2e/product-experience.spec.mjs:99:1 › review count matches the items shown for repeated warnings in separate statements (152ms)
  ✓   19 [chromium] › tests/e2e/sql-converter.spec.mjs:111:1 › clear and copy actions update state without duplicate or stale output (291ms)
  ✓   20 [chromium] › tests/e2e/theme.spec.mjs:87:3 › theme switching and SQL conversion survive localStorage write errors (308ms)
  ✓   23 [chromium] › tests/e2e/sql-converter.spec.mjs:140:1 › IME composing keys and keyboard navigation do not mutate the editor unexpectedly (179ms)
  ✓   24 [chromium] › tests/e2e/theme.spec.mjs:119:1 › theme changes preserve SQL, input selection, output selection and editor scrolling (390ms)
  ✓   22 [chromium] › tests/e2e/product-experience.spec.mjs:107:1 › duplicate browser input events do not repeat long conversions or prevent restoring cleared SQL (567ms)
  ✓   25 [chromium] › tests/e2e/sql-converter.spec.mjs:193:1 › large pasted SQL uses plain highlight mode while preserving conversion output (417ms)
  ✓   27 [chromium] › tests/e2e/sql-converter.spec.mjs:227:3 › critical UI stays within viewport at 320x568 (302ms)
  ✓   26 [chromium] › tests/e2e/theme.spec.mjs:184:1 › both themes fit a 320x480 viewport and the compact top-right switch respects reduced motion (477ms)
(node:11782) Warning: The 'NO_COLOR' env is ignored due to the 'FORCE_COLOR' env being set.
(Use `node --trace-warnings ...` to show where the warning was created)
(node:11782) Warning: The 'NO_COLOR' env is ignored due to the 'FORCE_COLOR' env being set.
(Use `node --trace-warnings ...` to show where the warning was created)
  ✓    2 [firefox] › tests/e2e/sql-converter.spec.mjs:21:1 › works from a standalone file without external requests (1.6s)
  ✓   28 [chromium] › tests/e2e/sql-converter.spec.mjs:227:3 › critical UI stays within viewport at 320x480 (296ms)
(node:11787) Warning: The 'NO_COLOR' env is ignored due to the 'FORCE_COLOR' env being set.
(Use `node --trace-warnings ...` to show where the warning was created)
(node:11787) Warning: The 'NO_COLOR' env is ignored due to the 'FORCE_COLOR' env being set.
(Use `node --trace-warnings ...` to show where the warning was created)
  ✓   31 [chromium] › tests/e2e/sql-converter.spec.mjs:227:3 › critical UI stays within viewport at 375x667 (227ms)
  ✓   32 [chromium] › tests/e2e/sql-converter.spec.mjs:227:3 › critical UI stays within viewport at 390x844 (222ms)
  ✓   30 [firefox] › tests/e2e/sql-converter.spec.mjs:35:1 › marks review and input errors and clears their status after correction (663ms)
  ✓   34 [chromium] › tests/e2e/sql-converter.spec.mjs:227:3 › critical UI stays within viewport at 430x932 (221ms)
  ✓    4 [firefox] › tests/e2e/product-experience.spec.mjs:8:1 › empty editors disable unavailable actions and a sample produces usable output (1.9s)
  ✓   36 [chromium] › tests/e2e/sql-converter.spec.mjs:227:3 › critical UI stays within viewport at 768x1024 (313ms)
  ✓   38 [chromium] › tests/e2e/sql-converter.spec.mjs:227:3 › critical UI stays within viewport at 980x400 (360ms)
  ✓   35 [firefox] › tests/e2e/sql-converter.spec.mjs:47:1 › clipboard denial shows a real failure and leaves output selected (877ms)
  ✓   39 [chromium] › tests/e2e/sql-converter.spec.mjs:227:3 › critical UI stays within viewport at 1024x768 (267ms)
  ✓   33 [webkit] › tests/e2e/product-experience.spec.mjs:8:1 › empty editors disable unavailable actions and a sample produces usable output (1.1s)
  ✓   41 [chromium] › tests/e2e/sql-converter.spec.mjs:227:3 › critical UI stays within viewport at 1280x800 (323ms)
  ✓   40 [firefox] › tests/e2e/sql-converter.spec.mjs:59:1 › preserves literal data and quoted names in the visible output (595ms)
  ✓   37 [firefox] › tests/e2e/product-experience.spec.mjs:24:1 › an accidental clear can restore the exact source and its converted result (1.2s)
  ✓   43 [chromium] › tests/e2e/sql-converter.spec.mjs:227:3 › critical UI stays within viewport at 667x375 (248ms)
  ✓   42 [webkit] › tests/e2e/product-experience.spec.mjs:24:1 › an accidental clear can restore the exact source and its converted result (704ms)
  ✓   44 [firefox] › tests/e2e/sql-converter.spec.mjs:66:1 › shows policy limitations and retains unsafe ROWNUM predicates (627ms)
(node:11834) Warning: The 'NO_COLOR' env is ignored due to the 'FORCE_COLOR' env being set.
(Use `node --trace-warnings ...` to show where the warning was created)
(node:11834) Warning: The 'NO_COLOR' env is ignored due to the 'FORCE_COLOR' env being set.
(Use `node --trace-warnings ...` to show where the warning was created)
  ✓   46 [webkit] › tests/e2e/product-experience.spec.mjs:46:1 › editing after a clear discards the previous recovery without restoring stale SQL (587ms)
  ✓   45 [firefox] › tests/e2e/product-experience.spec.mjs:46:1 › editing after a clear discards the previous recovery without restoring stale SQL (892ms)
  ✓   47 [firefox] › tests/e2e/sql-converter.spec.mjs:78:1 › typing SQL converts visible output, escapes payloads, and keeps warnings user-readable (716ms)
  ✓   49 [webkit] › tests/e2e/product-experience.spec.mjs:64:1 › Escape then Tab leaves the editor without modifying SQL, while normal Tab indents (577ms)
  ✓   29 [firefox] › tests/e2e/theme.spec.mjs:17:1 › theme switch supports the keyboard, visible focus and saved choices after reload (3.0s)
  ✓   50 [firefox] › tests/e2e/product-experience.spec.mjs:64:1 › Escape then Tab leaves the editor without modifying SQL, while normal Tab indents (827ms)
  ✓   48 [webkit] › tests/e2e/sql-converter.spec.mjs:21:1 › works from a standalone file without external requests (678ms)
  ✓   51 [firefox] › tests/e2e/sql-converter.spec.mjs:102:1 › status indicates when conversion output has no diff (474ms)
  ✓   52 [webkit] › tests/e2e/product-experience.spec.mjs:84:1 › converted SQL is reachable and scrollable with the keyboard (570ms)
  ✓   55 [webkit] › tests/e2e/sql-converter.spec.mjs:35:1 › marks review and input errors and clears their status after correction (529ms)
  ✓   57 [webkit] › tests/e2e/product-experience.spec.mjs:99:1 › review count matches the items shown for repeated warnings in separate statements (360ms)
  ✓   54 [firefox] › tests/e2e/product-experience.spec.mjs:84:1 › converted SQL is reachable and scrollable with the keyboard (774ms)
  ✓   56 [firefox] › tests/e2e/sql-converter.spec.mjs:111:1 › clear and copy actions update state without duplicate or stale output (719ms)
  ✓   53 [firefox] › tests/e2e/theme.spec.mjs:45:1 › uses and follows the OS theme until a manual choice overrides it (1.1s)
  ✓   58 [webkit] › tests/e2e/sql-converter.spec.mjs:47:1 › clipboard denial shows a real failure and leaves output selected (416ms)
  ✓   60 [firefox] › tests/e2e/product-experience.spec.mjs:99:1 › review count matches the items shown for repeated warnings in separate statements (408ms)
  ✓   61 [firefox] › tests/e2e/sql-converter.spec.mjs:140:1 › IME composing keys and keyboard navigation do not mutate the editor unexpectedly (425ms)
  ✓   63 [webkit] › tests/e2e/sql-converter.spec.mjs:59:1 › preserves literal data and quoted names in the visible output (374ms)
  ✓   66 [webkit] › tests/e2e/sql-converter.spec.mjs:66:1 › shows policy limitations and retains unsafe ROWNUM predicates (440ms)
  ✓   59 [webkit] › tests/e2e/product-experience.spec.mjs:107:1 › duplicate browser input events do not repeat long conversions or prevent restoring cleared SQL (1.5s)
  ✓   62 [firefox] › tests/e2e/theme.spec.mjs:64:1 › synchronizes choices between tabs and returns to the receiving tab's OS theme when removed (1.3s)
  ✓   67 [webkit] › tests/e2e/sql-converter.spec.mjs:78:1 › typing SQL converts visible output, escapes payloads, and keeps warnings user-readable (439ms)
  ✓   70 [webkit] › tests/e2e/sql-converter.spec.mjs:102:1 › status indicates when conversion output has no diff (344ms)
  ✓   64 [firefox] › tests/e2e/product-experience.spec.mjs:107:1 › duplicate browser input events do not repeat long conversions or prevent restoring cleared SQL (1.5s)
  ✓   68 [webkit] › tests/e2e/theme.spec.mjs:17:1 › theme switch supports the keyboard, visible focus and saved choices after reload (531ms)
  ✓   69 [firefox] › tests/e2e/theme.spec.mjs:87:3 › theme switching and SQL conversion survive localStorage access errors (629ms)
  ✓   65 [firefox] › tests/e2e/sql-converter.spec.mjs:193:1 › large pasted SQL uses plain highlight mode while preserving conversion output (1.7s)
  ✓   71 [webkit] › tests/e2e/sql-converter.spec.mjs:111:1 › clear and copy actions update state without duplicate or stale output (457ms)
  ✓   72 [webkit] › tests/e2e/theme.spec.mjs:45:1 › uses and follows the OS theme until a manual choice overrides it (528ms)
  ✓   75 [webkit] › tests/e2e/sql-converter.spec.mjs:140:1 › IME composing keys and keyboard navigation do not mutate the editor unexpectedly (361ms)
  ✓   73 [firefox] › tests/e2e/theme.spec.mjs:87:3 › theme switching and SQL conversion survive localStorage write errors (622ms)
  ✓   74 [firefox] › tests/e2e/sql-converter.spec.mjs:227:3 › critical UI stays within viewport at 320x568 (985ms)
  ✓   76 [webkit] › tests/e2e/theme.spec.mjs:64:1 › synchronizes choices between tabs and returns to the receiving tab's OS theme when removed (933ms)
  ✓   78 [firefox] › tests/e2e/theme.spec.mjs:119:1 › theme changes preserve SQL, input selection, output selection and editor scrolling (941ms)
  ✓   77 [webkit] › tests/e2e/sql-converter.spec.mjs:193:1 › large pasted SQL uses plain highlight mode while preserving conversion output (1.1s)
  ✓   79 [firefox] › tests/e2e/sql-converter.spec.mjs:227:3 › critical UI stays within viewport at 320x480 (780ms)
  ✓   80 [webkit] › tests/e2e/theme.spec.mjs:87:3 › theme switching and SQL conversion survive localStorage access errors (539ms)
  ✓   82 [webkit] › tests/e2e/sql-converter.spec.mjs:227:3 › critical UI stays within viewport at 320x568 (641ms)
  ✓   84 [webkit] › tests/e2e/theme.spec.mjs:87:3 › theme switching and SQL conversion survive localStorage write errors (608ms)
  ✓   83 [firefox] › tests/e2e/sql-converter.spec.mjs:227:3 › critical UI stays within viewport at 375x667 (728ms)
  ✓   85 [webkit] › tests/e2e/sql-converter.spec.mjs:227:3 › critical UI stays within viewport at 320x480 (545ms)
  ✓   86 [webkit] › tests/e2e/theme.spec.mjs:119:1 › theme changes preserve SQL, input selection, output selection and editor scrolling (607ms)
  ✓   87 [firefox] › tests/e2e/sql-converter.spec.mjs:227:3 › critical UI stays within viewport at 390x844 (543ms)
  ✓   88 [webkit] › tests/e2e/sql-converter.spec.mjs:227:3 › critical UI stays within viewport at 375x667 (457ms)
  ✓   81 [firefox] › tests/e2e/theme.spec.mjs:184:1 › both themes fit a 320x480 viewport and the compact top-right switch respects reduced motion (1.8s)
  ✓   90 [firefox] › tests/e2e/sql-converter.spec.mjs:227:3 › critical UI stays within viewport at 430x932 (535ms)
  ✓   89 [webkit] › tests/e2e/theme.spec.mjs:184:1 › both themes fit a 320x480 viewport and the compact top-right switch respects reduced motion (650ms)
  ✓   91 [webkit] › tests/e2e/sql-converter.spec.mjs:227:3 › critical UI stays within viewport at 390x844 (456ms)
  ✓   92 [firefox] › tests/e2e/sql-converter.spec.mjs:227:3 › critical UI stays within viewport at 768x1024 (405ms)
  ✓   93 [webkit] › tests/e2e/sql-converter.spec.mjs:227:3 › critical UI stays within viewport at 430x932 (413ms)
  ✓   94 [firefox] › tests/e2e/sql-converter.spec.mjs:227:3 › critical UI stays within viewport at 980x400 (397ms)
  ✓   95 [webkit] › tests/e2e/sql-converter.spec.mjs:227:3 › critical UI stays within viewport at 768x1024 (426ms)
  ✓   96 [firefox] › tests/e2e/sql-converter.spec.mjs:227:3 › critical UI stays within viewport at 1024x768 (349ms)
  ✓   97 [webkit] › tests/e2e/sql-converter.spec.mjs:227:3 › critical UI stays within viewport at 980x400 (437ms)
  ✓   98 [firefox] › tests/e2e/sql-converter.spec.mjs:227:3 › critical UI stays within viewport at 1280x800 (398ms)
  ✓   99 [webkit] › tests/e2e/sql-converter.spec.mjs:227:3 › critical UI stays within viewport at 1024x768 (413ms)
  ✓  100 [firefox] › tests/e2e/sql-converter.spec.mjs:227:3 › critical UI stays within viewport at 667x375 (332ms)
  ✓  101 [webkit] › tests/e2e/sql-converter.spec.mjs:227:3 › critical UI stays within viewport at 1280x800 (402ms)
  ✓  102 [webkit] › tests/e2e/sql-converter.spec.mjs:227:3 › critical UI stays within viewport at 667x375 (398ms)

  102 passed (16.9s)
